PIPETUNE_EFFETUNE_BACKEND_1 {
  global:
    et_abi_version;
    et_build_flags;
    pipetune_effetune_backend_variant;
    et_kernel_count;
    et_kernel_name;
    et_kernel_params_hash;
    et_kernel_param_bytes_capacity;
    et_kernel_asset_capacity;
    et_design_fft_create;
    et_design_fft_destroy;
    et_design_fft_input;
    et_design_fft_output;
    et_design_fft_forward;
    et_design_fft_inverse;
    et_engine_memory_required;
    et_engine_create;
    et_engine_destroy;
    et_engine_prepare;
    et_engine_reset;
    et_engine_set_telemetry_rate;
    et_instance_create;
    et_instance_destroy;
    et_instance_reset;
    et_instance_latency;
    et_instance_set_tap;
    et_instance_set_seed;
    et_instance_set_params;
    et_instance_set_param_bytes;
    et_instance_asset_begin;
    et_instance_asset_commit;
    et_instance_asset_abort;
    et_instance_asset_state;
    et_instance_process;
    et_arena_combined_ptr;
    et_arena_bus_ptr;
    et_arena_scratch_ptr;
    et_scratch_ptr;
    et_telemetry_staging_ptr;
    et_telemetry_capacity;
    et_telemetry_read;
    et_pipeline_configure;
    et_pipeline_process;
  local:
    *;
};
